Input file size is 59, 64
0...10...20...30...40...50...60...70...80...90...100 - done.
